************************************************************************************
feature@cobol.importer.nls1=COPY,,cobol.importer.nls1
fragment@com.ibm.adapter.cobol.nl1=COPY,,com.ibm.adapter.cobol.nl1
fragment@com.ibm.etools.cobol.nl1=COPY,,com.ibm.etools.cobol.nl1
fragment@com.ibm.etools.cobol.preference.ui.nl1=COPY,,com.ibm.etools.cobol.preference.ui.nl1
fragment@com.ibm.etools.ctc.cobol2xsd.nl1=COPY,,com.ibm.etools.ctc.cobol2xsd.nl1
fragment@com.ibm.etools.lang.common.ui.nl1=COPY,,com.ibm.etools.lang.common.ui.nl1
************************************************************************************
feature@cobol.importer.nls2=COPY,,cobol.importer.nls2
fragment@com.ibm.adapter.cobol.nl2=COPY,,com.ibm.adapter.cobol.nl2
fragment@com.ibm.etools.cobol.nl2=COPY,,com.ibm.etools.cobol.nl2
fragment@com.ibm.etools.cobol.preference.ui.nl2=COPY,,com.ibm.etools.cobol.preference.ui.nl2
fragment@com.ibm.etools.ctc.cobol2xsd.nl2=COPY,,com.ibm.etools.ctc.cobol2xsd.nl2
fragment@com.ibm.etools.lang.common.ui.nl2=COPY,,com.ibm.etools.lang.common.ui.nl2
************************************************************************************
feature@cobol.importer.nls2bidi=COPY,,cobol.importer.nls2bidi
fragment@com.ibm.adapter.cobol.nl2bidi=COPY,,com.ibm.adapter.cobol.nl2bidi
fragment@com.ibm.etools.cobol.nl2bidi=COPY,,com.ibm.etools.cobol.nl2bidi
fragment@com.ibm.etools.cobol.preference.ui.nl2bidi=COPY,,com.ibm.etools.cobol.preference.ui.nl2bidi
fragment@com.ibm.etools.ctc.cobol2xsd.nl2bidi=COPY,,com.ibm.etools.ctc.cobol2xsd.nl2bidi
fragment@com.ibm.etools.lang.common.ui.nl2bidi=COPY,,com.ibm.etools.lang.common.ui.nl2bidi
************************************************************************************
feature@com.ibm.adapter.c.feature.nls1=COPY,,com.ibm.adapter.c.feature.nls1
fragment@com.ibm.adapter.c.nl1=COPY,,com.ibm.adapter.c.nl1
fragment@com.ibm.etools.ctc.c2xsd.nl1=COPY,,com.ibm.etools.ctc.c2xsd.nl1
************************************************************************************
feature@com.ibm.adapter.c.feature.nls2=COPY,,com.ibm.adapter.c.feature.nls2
fragment@com.ibm.adapter.c.nl2=COPY,,com.ibm.adapter.c.nl2
fragment@com.ibm.etools.ctc.c2xsd.nl2=COPY,,com.ibm.etools.ctc.c2xsd.nl2
************************************************************************************
feature@com.ibm.adapter.c.feature.nls2bidi=COPY,,com.ibm.adapter.c.feature.nls2bidi
fragment@com.ibm.adapter.c.nl2bidi=COPY,,com.ibm.adapter.c.nl2bidi
fragment@com.ibm.etools.ctc.c2xsd.nl2bidi=COPY,,com.ibm.etools.ctc.c2xsd.nl2bidi
************************************************************************************
feature@com.ibm.adapter.core.nls1=COPY,,com.ibm.adapter.core.nls1
fragment@com.ibm.adapter.command.nl1=COPY,,com.ibm.adapter.command.nl1
fragment@com.ibm.adapter.framework.nl1=COPY,,com.ibm.adapter.framework.nl1
fragment@com.ibm.ccl.discovery.ui.nl1=COPY,,com.ibm.ccl.discovery.ui.nl1
************************************************************************************
feature@com.ibm.adapter.core.nls2=COPY,,com.ibm.adapter.core.nls2
fragment@com.ibm.adapter.command.nl2=COPY,,com.ibm.adapter.command.nl2
fragment@com.ibm.adapter.framework.nl2=COPY,,com.ibm.adapter.framework.nl2
fragment@com.ibm.ccl.discovery.ui.nl2=COPY,,com.ibm.ccl.discovery.ui.nl2
************************************************************************************
feature@com.ibm.adapter.core.nls2bidi=COPY,,com.ibm.adapter.core.nls2bidi
fragment@com.ibm.adapter.command.nl2bidi=COPY,,com.ibm.adapter.command.nl2bidi
fragment@com.ibm.adapter.framework.nl2bidi=COPY,,com.ibm.adapter.framework.nl2bidi
fragment@com.ibm.ccl.discovery.ui.nl2bidi=COPY,,com.ibm.ccl.discovery.ui.nl2bidi
************************************************************************************
feature@com.ibm.adapter.j2c.base.nls1=COPY,,com.ibm.adapter.j2c.base.nls1
fragment@com.ibm.adapter.asi.nl1=COPY,,com.ibm.adapter.asi.nl1
fragment@com.ibm.adapter.binding.registry.nl1=COPY,,com.ibm.adapter.binding.registry.nl1
fragment@com.ibm.adapter.emd.nl1=COPY,,com.ibm.adapter.emd.nl1
************************************************************************************
feature@com.ibm.adapter.j2c.base.nls2=COPY,,com.ibm.adapter.j2c.base.nls2
fragment@com.ibm.adapter.asi.nl2=COPY,,com.ibm.adapter.asi.nl2
fragment@com.ibm.adapter.binding.registry.nl2=COPY,,com.ibm.adapter.binding.registry.nl2
fragment@com.ibm.adapter.emd.nl2=COPY,,com.ibm.adapter.emd.nl2
************************************************************************************
feature@com.ibm.adapter.j2c.base.nls2bidi=COPY,,com.ibm.adapter.j2c.base.nls2bidi
fragment@com.ibm.adapter.asi.nl2bidi=COPY,,com.ibm.adapter.asi.nl2bidi
fragment@com.ibm.adapter.binding.registry.nl2bidi=COPY,,com.ibm.adapter.binding.registry.nl2bidi
fragment@com.ibm.adapter.emd.nl2bidi=COPY,,com.ibm.adapter.emd.nl2bidi
************************************************************************************
feature@com.ibm.adapter.j2c.core.nls1=COPY,,com.ibm.adapter.j2c.core.nls1
fragment@com.ibm.adapter.j2ca.nl1=COPY,,com.ibm.adapter.j2ca.nl1
fragment@com.ibm.ccl.commonj.connector.metadata.nl1=COPY,,com.ibm.ccl.commonj.connector.metadata.nl1
************************************************************************************
feature@com.ibm.adapter.j2c.core.nls2=COPY,,com.ibm.adapter.j2c.core.nls2
fragment@com.ibm.adapter.j2ca.nl2=COPY,,com.ibm.adapter.j2ca.nl2
fragment@com.ibm.ccl.commonj.connector.metadata.nl2=COPY,,com.ibm.ccl.commonj.connector.metadata.nl2
************************************************************************************
feature@com.ibm.adapter.j2c.core.nls2bidi=COPY,,com.ibm.adapter.j2c.core.nls2bidi
fragment@com.ibm.adapter.j2ca.nl2bidi=COPY,,com.ibm.adapter.j2ca.nl2bidi
fragment@com.ibm.ccl.commonj.connector.metadata.nl2bidi=COPY,,com.ibm.ccl.commonj.connector.metadata.nl2bidi
************************************************************************************
feature@com.ibm.adapter.j2c.nls1=COPY,,com.ibm.adapter.j2c.nls1
fragment@com.ibm.adapter.j2c.codegen.nl1=COPY,,com.ibm.adapter.j2c.codegen.nl1
fragment@com.ibm.adapter.j2c.command.nl1=COPY,,com.ibm.adapter.j2c.command.nl1
************************************************************************************
feature@com.ibm.adapter.j2c.nls2=COPY,,com.ibm.adapter.j2c.nls2
fragment@com.ibm.adapter.j2c.codegen.nl2=COPY,,com.ibm.adapter.j2c.codegen.nl2
fragment@com.ibm.adapter.j2c.command.nl2=COPY,,com.ibm.adapter.j2c.command.nl2
************************************************************************************
feature@com.ibm.adapter.j2c.nls2bidi=COPY,,com.ibm.adapter.j2c.nls2bidi
fragment@com.ibm.adapter.j2c.codegen.nl2bidi=COPY,,com.ibm.adapter.j2c.codegen.nl2bidi
fragment@com.ibm.adapter.j2c.command.nl2bidi=COPY,,com.ibm.adapter.j2c.command.nl2bidi
************************************************************************************
feature@com.ibm.etools.c.feature.nls1=COPY,,com.ibm.etools.c.feature.nls1
fragment@com.ibm.etools.c.nl1=COPY,,com.ibm.etools.c.nl1
************************************************************************************
feature@com.ibm.etools.c.feature.nls2=COPY,,com.ibm.etools.c.feature.nls2
fragment@com.ibm.etools.c.nl2=COPY,,com.ibm.etools.c.nl2
************************************************************************************
feature@com.ibm.etools.c.feature.nls2bidi=COPY,,com.ibm.etools.c.feature.nls2bidi
fragment@com.ibm.etools.c.nl2bidi=COPY,,com.ibm.etools.c.nl2bidi
************************************************************************************
feature@com.ibm.j2c.ui.base.feature.nls1=COPY,,com.ibm.j2c.ui.base.feature.nls1
fragment@com.ibm.j2c.lang.ui.nl1=COPY,,com.ibm.j2c.lang.ui.nl1
fragment@com.ibm.j2c.ui.base.nl1=COPY,,com.ibm.j2c.ui.base.nl1
fragment@com.ibm.j2c.ui.core.nl1=COPY,,com.ibm.j2c.ui.core.nl1
fragment@com.ibm.j2c.ui.nl1=COPY,,com.ibm.j2c.ui.nl1
fragment@com.ibm.j2c.ui.racustomization.nl1=COPY,,com.ibm.j2c.ui.racustomization.nl1
************************************************************************************
feature@com.ibm.j2c.ui.base.feature.nls2=COPY,,com.ibm.j2c.ui.base.feature.nls2
fragment@com.ibm.j2c.lang.ui.nl2=COPY,,com.ibm.j2c.lang.ui.nl2
fragment@com.ibm.j2c.ui.base.nl2=COPY,,com.ibm.j2c.ui.base.nl2
fragment@com.ibm.j2c.ui.core.nl2=COPY,,com.ibm.j2c.ui.core.nl2
fragment@com.ibm.j2c.ui.nl2=COPY,,com.ibm.j2c.ui.nl2
fragment@com.ibm.j2c.ui.racustomization.nl2=COPY,,com.ibm.j2c.ui.racustomization.nl2
************************************************************************************
feature@com.ibm.j2c.ui.base.feature.nls2bidi=COPY,,com.ibm.j2c.ui.base.feature.nls2bidi
fragment@com.ibm.j2c.lang.ui.nl2bidi=COPY,,com.ibm.j2c.lang.ui.nl2bidi
fragment@com.ibm.j2c.ui.base.nl2bidi=COPY,,com.ibm.j2c.ui.base.nl2bidi
fragment@com.ibm.j2c.ui.core.nl2bidi=COPY,,com.ibm.j2c.ui.core.nl2bidi
fragment@com.ibm.j2c.ui.nl2bidi=COPY,,com.ibm.j2c.ui.nl2bidi
fragment@com.ibm.j2c.ui.racustomization.nl2bidi=COPY,,com.ibm.j2c.ui.racustomization.nl2bidi
************************************************************************************
feature@com.ibm.j2c.ui.feature.nls1=COPY,,com.ibm.j2c.ui.feature.nls1
fragment@com.ibm.j2c.activities.nl1=COPY,,com.ibm.j2c.activities.nl1
fragment@com.ibm.j2c.emd.core.nl1=COPY,,com.ibm.j2c.emd.core.nl1
fragment@com.ibm.j2c.emd.nl1=COPY,,com.ibm.j2c.emd.nl1
fragment@com.ibm.j2c.javabean.ui.nl1=COPY,,com.ibm.j2c.javabean.ui.nl1
fragment@com.ibm.j2c.record.ui.nl1=COPY,,com.ibm.j2c.record.ui.nl1
************************************************************************************
feature@com.ibm.j2c.ui.feature.nls2=COPY,,com.ibm.j2c.ui.feature.nls2
fragment@com.ibm.j2c.activities.nl2=COPY,,com.ibm.j2c.activities.nl2
fragment@com.ibm.j2c.emd.core.nl2=COPY,,com.ibm.j2c.emd.core.nl2
fragment@com.ibm.j2c.emd.nl2=COPY,,com.ibm.j2c.emd.nl2
fragment@com.ibm.j2c.javabean.ui.nl2=COPY,,com.ibm.j2c.javabean.ui.nl2
fragment@com.ibm.j2c.record.ui.nl2=COPY,,com.ibm.j2c.record.ui.nl2
************************************************************************************
feature@com.ibm.j2c.ui.feature.nls2bidi=COPY,,com.ibm.j2c.ui.feature.nls2bidi
fragment@com.ibm.j2c.activities.nl2bidi=COPY,,com.ibm.j2c.activities.nl2bidi
fragment@com.ibm.j2c.emd.core.nl2bidi=COPY,,com.ibm.j2c.emd.core.nl2bidi
fragment@com.ibm.j2c.emd.nl2bidi=COPY,,com.ibm.j2c.emd.nl2bidi
fragment@com.ibm.j2c.javabean.ui.nl2bidi=COPY,,com.ibm.j2c.javabean.ui.nl2bidi
fragment@com.ibm.j2c.record.ui.nl2bidi=COPY,,com.ibm.j2c.record.ui.nl2bidi
************************************************************************************
feature@com.ibm.lang.core.nls1=COPY,,com.ibm.lang.core.nls1
fragment@com.ibm.adapter.typesimport.nl1=COPY,,com.ibm.adapter.typesimport.nl1
fragment@com.ibm.etools.tdlang.nl1=COPY,,com.ibm.etools.tdlang.nl1
fragment@com.ibm.lang.preference.nl1=COPY,,com.ibm.lang.preference.nl1
************************************************************************************
feature@com.ibm.lang.core.nls2=COPY,,com.ibm.lang.core.nls2
fragment@com.ibm.adapter.typesimport.nl2=COPY,,com.ibm.adapter.typesimport.nl2
fragment@com.ibm.etools.tdlang.nl2=COPY,,com.ibm.etools.tdlang.nl2
fragment@com.ibm.lang.preference.nl2=COPY,,com.ibm.lang.preference.nl2
************************************************************************************
feature@com.ibm.lang.core.nls2bidi=COPY,,com.ibm.lang.core.nls2bidi
fragment@com.ibm.adapter.typesimport.nl2bidi=COPY,,com.ibm.adapter.typesimport.nl2bidi
fragment@com.ibm.etools.tdlang.nl2bidi=COPY,,com.ibm.etools.tdlang.nl2bidi
fragment@com.ibm.lang.preference.nl2bidi=COPY,,com.ibm.lang.preference.nl2bidi
************************************************************************************
feature@com.ibm.lang.writers.nls1=COPY,,com.ibm.lang.writers.nls1
fragment@com.ibm.ccl.pli.writer.nl1=COPY,,com.ibm.ccl.pli.writer.nl1
fragment@com.ibm.etools.marshall.codegen.nl1=COPY,,com.ibm.etools.marshall.codegen.nl1
fragment@com.ibm.etools.marshall.runtime.nl1=COPY,,com.ibm.etools.marshall.runtime.nl1
fragment@com.ibm.lang.common.writer.nl1=COPY,,com.ibm.lang.common.writer.nl1
fragment@com.ibm.record.writer.nl1=COPY,,com.ibm.record.writer.nl1
************************************************************************************
feature@com.ibm.lang.writers.nls2=COPY,,com.ibm.lang.writers.nls2
fragment@com.ibm.ccl.pli.writer.nl2=COPY,,com.ibm.ccl.pli.writer.nl2
fragment@com.ibm.etools.marshall.codegen.nl2=COPY,,com.ibm.etools.marshall.codegen.nl2
fragment@com.ibm.etools.marshall.runtime.nl2=COPY,,com.ibm.etools.marshall.runtime.nl2
fragment@com.ibm.lang.common.writer.nl2=COPY,,com.ibm.lang.common.writer.nl2
fragment@com.ibm.record.writer.nl2=COPY,,com.ibm.record.writer.nl2
************************************************************************************
feature@com.ibm.lang.writers.nls2bidi=COPY,,com.ibm.lang.writers.nls2bidi
fragment@com.ibm.ccl.pli.writer.nl2bidi=COPY,,com.ibm.ccl.pli.writer.nl2bidi
fragment@com.ibm.etools.marshall.codegen.nl2bidi=COPY,,com.ibm.etools.marshall.codegen.nl2bidi
fragment@com.ibm.etools.marshall.runtime.nl2bidi=COPY,,com.ibm.etools.marshall.runtime.nl2bidi
fragment@com.ibm.lang.common.writer.nl2bidi=COPY,,com.ibm.lang.common.writer.nl2bidi
fragment@com.ibm.record.writer.nl2bidi=COPY,,com.ibm.record.writer.nl2bidi
************************************************************************************
feature@com.ibm.zcc.ccl.soa.infrastructure.annotation.nls1=COPY,,com.ibm.zcc.ccl.soa.infrastructure.annotation.nls1
fragment@com.ibm.zcc.ccl.annotations.resource.nl1=COPY,,com.ibm.zcc.ccl.annotations.resource.nl1
fragment@com.ibm.zcc.etools.wrd.extensions.nl1=COPY,,com.ibm.zcc.etools.wrd.extensions.nl1
fragment@com.ibm.zcc.ws.rapiddeploy.annotations.core.nl1=COPY,,com.ibm.zcc.ws.rapiddeploy.annotations.core.nl1
************************************************************************************
feature@com.ibm.zcc.ccl.soa.infrastructure.annotation.nls2=COPY,,com.ibm.zcc.ccl.soa.infrastructure.annotation.nls2
fragment@com.ibm.zcc.ccl.annotations.resource.nl2=COPY,,com.ibm.zcc.ccl.annotations.resource.nl2
fragment@com.ibm.zcc.etools.wrd.extensions.nl2=COPY,,com.ibm.zcc.etools.wrd.extensions.nl2
fragment@com.ibm.zcc.ws.rapiddeploy.annotations.core.nl2=COPY,,com.ibm.zcc.ws.rapiddeploy.annotations.core.nl2
************************************************************************************
feature@com.ibm.zcc.ccl.soa.infrastructure.annotation.nls2bidi=COPY,,com.ibm.zcc.ccl.soa.infrastructure.annotation.nls2bidi
fragment@com.ibm.zcc.ccl.annotations.resource.nl2bidi=COPY,,com.ibm.zcc.ccl.annotations.resource.nl2bidi
fragment@com.ibm.zcc.etools.wrd.extensions.nl2bidi=COPY,,com.ibm.zcc.etools.wrd.extensions.nl2bidi
fragment@com.ibm.zcc.ws.rapiddeploy.annotations.core.nl2bidi=COPY,,com.ibm.zcc.ws.rapiddeploy.annotations.core.nl2bidi
************************************************************************************
feature@pli.importer.nls1=COPY,,pli.importer.nls1
fragment@com.ibm.adapter.pli.nl1=COPY,,com.ibm.adapter.pli.nl1
fragment@com.ibm.ccl.pli.nl1=COPY,,com.ibm.ccl.pli.nl1
fragment@com.ibm.ccl.pli.preference.ui.nl1=COPY,,com.ibm.ccl.pli.preference.ui.nl1
fragment@com.ibm.ccl.pli2xsd.nl1=COPY,,com.ibm.ccl.pli2xsd.nl1
************************************************************************************
feature@pli.importer.nls2=COPY,,pli.importer.nls2
fragment@com.ibm.adapter.pli.nl2=COPY,,com.ibm.adapter.pli.nl2
fragment@com.ibm.ccl.pli.nl2=COPY,,com.ibm.ccl.pli.nl2
fragment@com.ibm.ccl.pli.preference.ui.nl2=COPY,,com.ibm.ccl.pli.preference.ui.nl2
fragment@com.ibm.ccl.pli2xsd.nl2=COPY,,com.ibm.ccl.pli2xsd.nl2
************************************************************************************
feature@pli.importer.nls2bidi=COPY,,pli.importer.nls2bidi
fragment@com.ibm.adapter.pli.nl2bidi=COPY,,com.ibm.adapter.pli.nl2bidi
fragment@com.ibm.ccl.pli.nl2bidi=COPY,,com.ibm.ccl.pli.nl2bidi
fragment@com.ibm.ccl.pli.preference.ui.nl2bidi=COPY,,com.ibm.ccl.pli.preference.ui.nl2bidi
fragment@com.ibm.ccl.pli2xsd.nl2bidi=COPY,,com.ibm.ccl.pli2xsd.nl2bidi
************************************************************************************
feature@com.ibm.debug.pdt.codecoverage.ui.view.java.feature.nls1=COPY,,com.ibm.debug.pdt.codecoverage.ui.view.java.feature.nls1
fragment@com.ibm.debug.pdt.codecoverage.ui.view.java.nl1=COPY,,com.ibm.debug.pdt.codecoverage.ui.view.java.nl1
************************************************************************************
feature@com.ibm.debug.pdt.codecoverage.ui.view.java.feature.nls2=COPY,,com.ibm.debug.pdt.codecoverage.ui.view.java.feature.nls2
fragment@com.ibm.debug.pdt.codecoverage.ui.view.java.nl2=COPY,,com.ibm.debug.pdt.codecoverage.ui.view.java.nl2
************************************************************************************
feature@com.ibm.debug.pdt.codecoverage.ui.view.java.feature.nls2bidi=COPY,,com.ibm.debug.pdt.codecoverage.ui.view.java.feature.nls2bidi
fragment@com.ibm.debug.pdt.codecoverage.ui.view.java.nl2bidi=COPY,,com.ibm.debug.pdt.codecoverage.ui.view.java.nl2bidi
************************************************************************************
feature@com.ibm.rational.llc.rtc.nls1=COPY,,com.ibm.rational.llc.rtc.nls1
fragment@com.ibm.rational.llc.build.ide.ui.nl1=COPY,,com.ibm.rational.llc.build.ide.ui.nl1
fragment@com.ibm.rational.llc.rtc.client.advisor.nl1=COPY,,com.ibm.rational.llc.rtc.client.advisor.nl1
fragment@com.ibm.rational.llc.workitem.ide.ui.nl1=COPY,,com.ibm.rational.llc.workitem.ide.ui.nl1
************************************************************************************
feature@com.ibm.rational.llc.rtc.nls2=COPY,,com.ibm.rational.llc.rtc.nls2
fragment@com.ibm.rational.llc.build.ide.ui.nl2=COPY,,com.ibm.rational.llc.build.ide.ui.nl2
fragment@com.ibm.rational.llc.rtc.client.advisor.nl2=COPY,,com.ibm.rational.llc.rtc.client.advisor.nl2
fragment@com.ibm.rational.llc.workitem.ide.ui.nl2=COPY,,com.ibm.rational.llc.workitem.ide.ui.nl2
************************************************************************************
feature@com.ibm.rational.llc.rtc.nls2bidi=COPY,,com.ibm.rational.llc.rtc.nls2bidi
fragment@com.ibm.rational.llc.build.ide.ui.nl2bidi=COPY,,com.ibm.rational.llc.build.ide.ui.nl2bidi
fragment@com.ibm.rational.llc.rtc.client.advisor.nl2bidi=COPY,,com.ibm.rational.llc.rtc.client.advisor.nl2bidi
fragment@com.ibm.rational.llc.workitem.ide.ui.nl2bidi=COPY,,com.ibm.rational.llc.workitem.ide.ui.nl2bidi
************************************************************************************
feature@com.ibm.rational.llc.ui.nls1=COPY,,com.ibm.rational.llc.ui.nls1
fragment@com.ibm.rational.llc.ide.ui.nl1=COPY,,com.ibm.rational.llc.ide.ui.nl1
fragment@com.ibm.rational.llc.server.nl1=COPY,,com.ibm.rational.llc.server.nl1
************************************************************************************
feature@com.ibm.rational.llc.ui.nls2=COPY,,com.ibm.rational.llc.ui.nls2
fragment@com.ibm.rational.llc.ide.ui.nl2=COPY,,com.ibm.rational.llc.ide.ui.nl2
fragment@com.ibm.rational.llc.server.nl2=COPY,,com.ibm.rational.llc.server.nl2
************************************************************************************
feature@com.ibm.rational.llc.ui.nls2bidi=COPY,,com.ibm.rational.llc.ui.nls2bidi
fragment@com.ibm.rational.llc.ide.ui.nl2bidi=COPY,,com.ibm.rational.llc.ide.ui.nl2bidi
fragment@com.ibm.rational.llc.server.nl2bidi=COPY,,com.ibm.rational.llc.server.nl2bidi
************************************************************************************
feature@com.ibm.rational.llc.nls1=COPY,,com.ibm.rational.llc.nls1
fragment@com.ibm.rational.llc.common.nl1=COPY,,com.ibm.rational.llc.common.nl1
fragment@com.ibm.rational.llc.engine.nl1=COPY,,com.ibm.rational.llc.engine.nl1
fragment@com.ibm.rational.llc.ide.core.nl1=COPY,,com.ibm.rational.llc.ide.core.nl1
fragment@com.ibm.rational.llc.report.birt.nl1=COPY,,com.ibm.rational.llc.report.birt.nl1
fragment@com.ibm.rational.llc.tatt.junit.nl1=COPY,,com.ibm.rational.llc.tatt.junit.nl1
************************************************************************************
feature@com.ibm.rational.llc.nls2=COPY,,com.ibm.rational.llc.nls2
fragment@com.ibm.rational.llc.common.nl2=COPY,,com.ibm.rational.llc.common.nl2
fragment@com.ibm.rational.llc.engine.nl2=COPY,,com.ibm.rational.llc.engine.nl2
fragment@com.ibm.rational.llc.ide.core.nl2=COPY,,com.ibm.rational.llc.ide.core.nl2
fragment@com.ibm.rational.llc.report.birt.nl2=COPY,,com.ibm.rational.llc.report.birt.nl2
fragment@com.ibm.rational.llc.tatt.junit.nl2=COPY,,com.ibm.rational.llc.tatt.junit.nl2
************************************************************************************
feature@com.ibm.rational.llc.nls2bidi=COPY,,com.ibm.rational.llc.nls2bidi
fragment@com.ibm.rational.llc.common.nl2bidi=COPY,,com.ibm.rational.llc.common.nl2bidi
fragment@com.ibm.rational.llc.engine.nl2bidi=COPY,,com.ibm.rational.llc.engine.nl2bidi
fragment@com.ibm.rational.llc.ide.core.nl2bidi=COPY,,com.ibm.rational.llc.ide.core.nl2bidi
fragment@com.ibm.rational.llc.report.birt.nl2bidi=COPY,,com.ibm.rational.llc.report.birt.nl2bidi
fragment@com.ibm.rational.llc.tatt.junit.nl2bidi=COPY,,com.ibm.rational.llc.tatt.junit.nl2bidi
************************************************************************************
feature@com.ibm.rational.profiling.extensions.nls1=COPY,,com.ibm.rational.profiling.extensions.nls1
fragment@com.ibm.rational.profiling.extension.launch.nl1=COPY,,com.ibm.rational.profiling.extension.launch.nl1
fragment@com.ibm.rational.profiling.extension.object.analysis.agent.nl1=COPY,,com.ibm.rational.profiling.extension.object.analysis.agent.nl1
fragment@com.ibm.rational.profiling.extension.object.analysis.nl1=COPY,,com.ibm.rational.profiling.extension.object.analysis.nl1
************************************************************************************
feature@com.ibm.rational.profiling.extensions.nls2=COPY,,com.ibm.rational.profiling.extensions.nls2
fragment@com.ibm.rational.profiling.extension.launch.nl2=COPY,,com.ibm.rational.profiling.extension.launch.nl2
fragment@com.ibm.rational.profiling.extension.object.analysis.agent.nl2=COPY,,com.ibm.rational.profiling.extension.object.analysis.agent.nl2
fragment@com.ibm.rational.profiling.extension.object.analysis.nl2=COPY,,com.ibm.rational.profiling.extension.object.analysis.nl2
************************************************************************************
feature@com.ibm.rational.profiling.extensions.nls2bidi=COPY,,com.ibm.rational.profiling.extensions.nls2bidi
fragment@com.ibm.rational.profiling.extension.launch.nl2bidi=COPY,,com.ibm.rational.profiling.extension.launch.nl2bidi
fragment@com.ibm.rational.profiling.extension.object.analysis.agent.nl2bidi=COPY,,com.ibm.rational.profiling.extension.object.analysis.agent.nl2bidi
fragment@com.ibm.rational.profiling.extension.object.analysis.nl2bidi=COPY,,com.ibm.rational.profiling.extension.object.analysis.nl2bidi
************************************************************************************
feature@com.ibm.rational.profiling.hc.integration.feature.nls1=COPY,,com.ibm.rational.profiling.hc.integration.feature.nls1
fragment@com.ibm.rational.profiling.hc.integration.nl1=COPY,,com.ibm.rational.profiling.hc.integration.nl1
************************************************************************************
feature@com.ibm.rational.profiling.hc.integration.feature.nls2=COPY,,com.ibm.rational.profiling.hc.integration.feature.nls2
fragment@com.ibm.rational.profiling.hc.integration.nl2=COPY,,com.ibm.rational.profiling.hc.integration.nl2
************************************************************************************
feature@com.ibm.rational.profiling.hc.integration.feature.nls2bidi=COPY,,com.ibm.rational.profiling.hc.integration.feature.nls2bidi
fragment@com.ibm.rational.profiling.hc.integration.nl2bidi=COPY,,com.ibm.rational.profiling.hc.integration.nl2bidi
************************************************************************************
feature@com.ibm.rsar.analysis.codereview.java.product_feature.nls1=COPY,,com.ibm.rsar.analysis.codereview.java.product_feature.nls1
fragment@com.ibm.rsar.analysis.codereview.java.rules.product.nl1=COPY,,com.ibm.rsar.analysis.codereview.java.rules.product.nl1
************************************************************************************
feature@com.ibm.rsar.analysis.codereview.java.product_feature.nls1=COPY,,com.ibm.rsar.analysis.codereview.java.product_feature.nls1
fragment@com.ibm.rsar.analysis.codereview.java.rules.product.nl2=COPY,,com.ibm.rsar.analysis.codereview.java.rules.product.nl2
************************************************************************************
feature@com.ibm.rsar.analysis.reporting.oda.base.compatability_feature.nls1=COPY,,com.ibm.rsar.analysis.reporting.oda.base.compatability_feature.nls1
fragment@com.ibm.rsar.analysis.reporting.oda.base.compatability.nl1=COPY,,com.ibm.rsar.analysis.reporting.oda.base.compatability.nl1
************************************************************************************
feature@com.ibm.rsar.analysis.reporting.oda.base.compatability_feature.nls1=COPY,,com.ibm.rsar.analysis.reporting.oda.base.compatability_feature.nls1
fragment@com.ibm.rsar.analysis.reporting.oda.base.compatability.nl2=COPY,,com.ibm.rsar.analysis.reporting.oda.base.compatability.nl2
************************************************************************************
feature@com.ibm.rsar.analysis.reporting.oda_feature.nls1=COPY,,com.ibm.rsar.analysis.reporting.oda_feature.nls1
fragment@com.ibm.rsar.analysis.reporting.oda.compatibility.nl1=COPY,,com.ibm.rsar.analysis.reporting.oda.compatibility.nl1
fragment@com.ibm.rsar.analysis.reporting.oda.nl1=COPY,,com.ibm.rsar.analysis.reporting.oda.nl1
fragment@com.ibm.rsar.analysis.reporting.oda.ui.nl1=COPY,,com.ibm.rsar.analysis.reporting.oda.ui.nl1
************************************************************************************
feature@com.ibm.rsar.analysis.reporting.oda_feature.nls1=COPY,,com.ibm.rsar.analysis.reporting.oda_feature.nls1
fragment@com.ibm.rsar.analysis.reporting.oda.compatibility.nl2=COPY,,com.ibm.rsar.analysis.reporting.oda.compatibility.nl2
fragment@com.ibm.rsar.analysis.reporting.oda.nl2=COPY,,com.ibm.rsar.analysis.reporting.oda.nl2
fragment@com.ibm.rsar.analysis.reporting.oda.ui.nl2=COPY,,com.ibm.rsar.analysis.reporting.oda.ui.nl2
************************************************************************************
feature@com.ibm.rsar.analysis.xml_feature.nls1=COPY,,com.ibm.rsar.analysis.xml_feature.nls1
fragment@com.ibm.rsar.analysis.xml.core.nl1=COPY,,com.ibm.rsar.analysis.xml.core.nl1
fragment@com.ibm.rsar.analysis.xml.core.ui.nl1=COPY,,com.ibm.rsar.analysis.xml.core.ui.nl1
fragment@com.ibm.rsar.analysis.xml.rules.nl1=COPY,,com.ibm.rsar.analysis.xml.rules.nl1
************************************************************************************
feature@com.ibm.rsar.analysis.xml_feature.nls1=COPY,,com.ibm.rsar.analysis.xml_feature.nls1
fragment@com.ibm.rsar.analysis.xml.core.nl2=COPY,,com.ibm.rsar.analysis.xml.core.nl2
fragment@com.ibm.rsar.analysis.xml.core.ui.nl2=COPY,,com.ibm.rsar.analysis.xml.core.ui.nl2
fragment@com.ibm.rsar.analysis.xml.rules.nl2=COPY,,com.ibm.rsar.analysis.xml.rules.nl2
************************************************************************************
feature@com.ibm.rsar.compatibility_feature.nls1=COPY,,com.ibm.rsar.compatibility_feature.nls1
fragment@com.ibm.rsaz.eclipse.ui.compatibility.nl1=COPY,,com.ibm.rsaz.eclipse.ui.compatibility.nl1
************************************************************************************
feature@com.ibm.rsar.compatibility_feature.nls1=COPY,,com.ibm.rsar.compatibility_feature.nls1
fragment@com.ibm.rsaz.eclipse.ui.compatibility.nl2=COPY,,com.ibm.rsaz.eclipse.ui.compatibility.nl2
************************************************************************************
feature@com.ibm.rsaz.analysis.architecture_feature.nls1=COPY,,com.ibm.rsaz.analysis.architecture_feature.nls1
fragment@com.ibm.rsaz.analysis.architecture.core.nl1=COPY,,com.ibm.rsaz.analysis.architecture.core.nl1
fragment@com.ibm.rsaz.analysis.architecture.java.nl1=COPY,,com.ibm.rsaz.analysis.architecture.java.nl1
************************************************************************************
feature@com.ibm.rsaz.analysis.architecture_feature.nls1=COPY,,com.ibm.rsaz.analysis.architecture_feature.nls1
fragment@com.ibm.rsaz.analysis.architecture.core.nl2=COPY,,com.ibm.rsaz.analysis.architecture.core.nl2
fragment@com.ibm.rsaz.analysis.architecture.java.nl2=COPY,,com.ibm.rsaz.analysis.architecture.java.nl2
************************************************************************************
feature@com.ibm.rsaz.analysis.codereview.java_feature.nls1=COPY,,com.ibm.rsaz.analysis.codereview.java_feature.nls1
fragment@com.ibm.rsaz.analysis.codereview.java.nl1=COPY,,com.ibm.rsaz.analysis.codereview.java.nl1
fragment@com.ibm.rsaz.analysis.codereview.java.rules.base.nl1=COPY,,com.ibm.rsaz.analysis.codereview.java.rules.base.nl1
fragment@com.ibm.rsaz.analysis.codereview.java.rules.nl1=COPY,,com.ibm.rsaz.analysis.codereview.java.rules.nl1
fragment@com.ibm.rsaz.analysis.java.core.nl1=COPY,,com.ibm.rsaz.analysis.java.core.nl1
************************************************************************************
feature@com.ibm.rsaz.analysis.codereview.java_feature.nls1=COPY,,com.ibm.rsaz.analysis.codereview.java_feature.nls1
fragment@com.ibm.rsaz.analysis.codereview.java.nl2=COPY,,com.ibm.rsaz.analysis.codereview.java.nl2
fragment@com.ibm.rsaz.analysis.codereview.java.rules.base.nl2=COPY,,com.ibm.rsaz.analysis.codereview.java.rules.base.nl2
fragment@com.ibm.rsaz.analysis.codereview.java.rules.nl2=COPY,,com.ibm.rsaz.analysis.codereview.java.rules.nl2
fragment@com.ibm.rsaz.analysis.java.core.nl2=COPY,,com.ibm.rsaz.analysis.java.core.nl2
************************************************************************************
feature@com.ibm.rsaz.analysis.codereview_feature.nls1=COPY,,com.ibm.rsaz.analysis.codereview_feature.nls1
fragment@com.ibm.rsaz.analysis.codereview.nl1=COPY,,com.ibm.rsaz.analysis.codereview.nl1
************************************************************************************
feature@com.ibm.rsaz.analysis.codereview_feature.nls1=COPY,,com.ibm.rsaz.analysis.codereview_feature.nls1
fragment@com.ibm.rsaz.analysis.codereview.nl2=COPY,,com.ibm.rsaz.analysis.codereview.nl2
************************************************************************************
feature@com.ibm.rsaz.analysis.commandline.core_feature.nls1=COPY,,com.ibm.rsaz.analysis.commandline.core_feature.nls1
fragment@com.ibm.rsaz.analysis.commandline.core.nl1=COPY,,com.ibm.rsaz.analysis.commandline.core.nl1
************************************************************************************
feature@com.ibm.rsaz.analysis.commandline.core_feature.nls1=COPY,,com.ibm.rsaz.analysis.commandline.core_feature.nls1
fragment@com.ibm.rsaz.analysis.commandline.core.nl2=COPY,,com.ibm.rsaz.analysis.commandline.core.nl2
************************************************************************************
feature@com.ibm.rsaz.analysis.commandline_feature.nls1=COPY,,com.ibm.rsaz.analysis.commandline_feature.nls1
fragment@com.ibm.rsaz.analysis.commandline.nl1=COPY,,com.ibm.rsaz.analysis.commandline.nl1
************************************************************************************
feature@com.ibm.rsaz.analysis.commandline_feature.nls1=COPY,,com.ibm.rsaz.analysis.commandline_feature.nls1
fragment@com.ibm.rsaz.analysis.commandline.nl2=COPY,,com.ibm.rsaz.analysis.commandline.nl2
************************************************************************************
feature@com.ibm.rsaz.analysis_feature.nls1=COPY,,com.ibm.rsaz.analysis_feature.nls1
fragment@com.ibm.rsaz.analysis.compatibility.nl1=COPY,,com.ibm.rsaz.analysis.compatibility.nl1
fragment@com.ibm.rsaz.analysis.core.nl1=COPY,,com.ibm.rsaz.analysis.core.nl1
fragment@com.ibm.rsaz.analysis.core.ui.nl1=COPY,,com.ibm.rsaz.analysis.core.ui.nl1
************************************************************************************
feature@com.ibm.rsaz.analysis_feature.nls1=COPY,,com.ibm.rsaz.analysis_feature.nls1
fragment@com.ibm.rsaz.analysis.compatibility.nl2=COPY,,com.ibm.rsaz.analysis.compatibility.nl2
fragment@com.ibm.rsaz.analysis.core.nl2=COPY,,com.ibm.rsaz.analysis.core.nl2
fragment@com.ibm.rsaz.analysis.core.ui.nl2=COPY,,com.ibm.rsaz.analysis.core.ui.nl2
************************************************************************************
feature@com.ibm.sa.team.advisor_feature.nls1=COPY,,com.ibm.sa.team.advisor_feature.nls1
fragment@com.ibm.rsar.team.nl1=COPY,,com.ibm.rsar.team.nl1
fragment@com.ibm.rsar.team.ui.nl1=COPY,,com.ibm.rsar.team.ui.nl1
************************************************************************************
feature@com.ibm.sa.team.advisor_feature.nls1=COPY,,com.ibm.sa.team.advisor_feature.nls1
fragment@com.ibm.rsar.team.nl2=COPY,,com.ibm.rsar.team.nl2
fragment@com.ibm.rsar.team.ui.nl2=COPY,,com.ibm.rsar.team.ui.nl2
************************************************************************************
feature@com.ibm.sa.team.build.core_feature.nls1=COPY,,com.ibm.sa.team.build.core_feature.nls1
fragment@com.ibm.rsar.team.build.common.nl1=COPY,,com.ibm.rsar.team.build.common.nl1
************************************************************************************
feature@com.ibm.sa.team.build.core_feature.nls1=COPY,,com.ibm.sa.team.build.core_feature.nls1
fragment@com.ibm.rsar.team.build.common.nl2=COPY,,com.ibm.rsar.team.build.common.nl2
************************************************************************************
feature@com.ibm.sa.team.build.engine_feature.nls1=COPY,,com.ibm.sa.team.build.engine_feature.nls1
fragment@com.ibm.rsar.team.build.engine.nl1=COPY,,com.ibm.rsar.team.build.engine.nl1
************************************************************************************
feature@com.ibm.sa.team.build.engine_feature.nls1=COPY,,com.ibm.sa.team.build.engine_feature.nls1
fragment@com.ibm.rsar.team.build.engine.nl2=COPY,,com.ibm.rsar.team.build.engine.nl2
************************************************************************************
feature@com.ibm.sa.team.build_feature.nls1=COPY,,com.ibm.sa.team.build_feature.nls1
fragment@com.ibm.rsar.team.build.ui.nl1=COPY,,com.ibm.rsar.team.build.ui.nl1
************************************************************************************
feature@com.ibm.sa.team.build_feature.nls1=COPY,,com.ibm.sa.team.build_feature.nls1
fragment@com.ibm.rsar.team.build.ui.nl2=COPY,,com.ibm.rsar.team.build.ui.nl2
************************************************************************************
feature@com.ibm.sa.team.core_feature.nls1=COPY,,com.ibm.sa.team.core_feature.nls1
fragment@com.ibm.rsar.team.core.nl1=COPY,,com.ibm.rsar.team.core.nl1
fragment@com.ibm.rsar.team.core.rsar.nl1=COPY,,com.ibm.rsar.team.core.rsar.nl1
************************************************************************************
feature@com.ibm.sa.team.core_feature.nls1=COPY,,com.ibm.sa.team.core_feature.nls1
fragment@com.ibm.rsar.team.core.nl2=COPY,,com.ibm.rsar.team.core.nl2
fragment@com.ibm.rsar.team.core.rsar.nl2=COPY,,com.ibm.rsar.team.core.rsar.nl2
************************************************************************************
feature@com.ibm.xtools.analysis.codereview.java.globalization_feature.nls1=COPY,,com.ibm.xtools.analysis.codereview.java.globalization_feature.nls1
fragment@com.ibm.xtools.analysis.codereview.java.globalization.nl1=COPY,,com.ibm.xtools.analysis.codereview.java.globalization.nl1
************************************************************************************
feature@com.ibm.xtools.analysis.codereview.java.globalization_feature.nls1=COPY,,com.ibm.xtools.analysis.codereview.java.globalization_feature.nls1
fragment@com.ibm.xtools.analysis.codereview.java.globalization.nl2=COPY,,com.ibm.xtools.analysis.codereview.java.globalization.nl2
************************************************************************************
feature@com.ibm.xtools.analysis.codereview.java.j2ee_feature.nls1=COPY,,com.ibm.xtools.analysis.codereview.java.j2ee_feature.nls1
fragment@com.ibm.xtools.analysis.codereview.java.j2ee.nl1=COPY,,com.ibm.xtools.analysis.codereview.java.j2ee.nl1
************************************************************************************
feature@com.ibm.xtools.analysis.codereview.java.j2ee_feature.nls1=COPY,,com.ibm.xtools.analysis.codereview.java.j2ee_feature.nls1
fragment@com.ibm.xtools.analysis.codereview.java.j2ee.nl2=COPY,,com.ibm.xtools.analysis.codereview.java.j2ee.nl2
************************************************************************************
feature@com.ibm.xtools.analysis.codereview.java.j2se_feature.nls1=COPY,,com.ibm.xtools.analysis.codereview.java.j2se_feature.nls1
fragment@com.ibm.xtools.analysis.codereview.java.j2se.nl1=COPY,,com.ibm.xtools.analysis.codereview.java.j2se.nl1
************************************************************************************
feature@com.ibm.xtools.analysis.codereview.java.j2se_feature.nls1=COPY,,com.ibm.xtools.analysis.codereview.java.j2se_feature.nls1
fragment@com.ibm.xtools.analysis.codereview.java.j2se.nl2=COPY,,com.ibm.xtools.analysis.codereview.java.j2se.nl2
************************************************************************************
feature@com.ibm.xtools.analysis.codereview.java.rules_feature.nls1=COPY,,com.ibm.xtools.analysis.codereview.java.rules_feature.nls1
fragment@com.ibm.xtools.analysis.codereview.java.nl1=COPY,,com.ibm.xtools.analysis.codereview.java.nl1
fragment@com.ibm.xtools.analysis.codereview.java.rules.nl1=COPY,,com.ibm.xtools.analysis.codereview.java.rules.nl1
************************************************************************************
feature@com.ibm.xtools.analysis.codereview.java.rules_feature.nls1=COPY,,com.ibm.xtools.analysis.codereview.java.rules_feature.nls1
fragment@com.ibm.xtools.analysis.codereview.java.nl2=COPY,,com.ibm.xtools.analysis.codereview.java.nl2
fragment@com.ibm.xtools.analysis.codereview.java.rules.nl2=COPY,,com.ibm.xtools.analysis.codereview.java.rules.nl2
************************************************************************************
feature@com.ibm.xtools.analysis.codereview.java.security_feature.nls1=COPY,,com.ibm.xtools.analysis.codereview.java.security_feature.nls1
fragment@com.ibm.xtools.analysis.codereview.java.security.nl1=COPY,,com.ibm.xtools.analysis.codereview.java.security.nl1
************************************************************************************
feature@com.ibm.xtools.analysis.codereview.java.security_feature.nls1=COPY,,com.ibm.xtools.analysis.codereview.java.security_feature.nls1
fragment@com.ibm.xtools.analysis.codereview.java.security.nl2=COPY,,com.ibm.xtools.analysis.codereview.java.security.nl2
************************************************************************************
feature@com.ibm.xtools.analysis.commandline_feature.nls1=COPY,,com.ibm.xtools.analysis.commandline_feature.nls1
fragment@com.ibm.xtools.analysis.commandline.nl1=COPY,,com.ibm.xtools.analysis.commandline.nl1
************************************************************************************
feature@com.ibm.xtools.analysis.commandline_feature.nls1=COPY,,com.ibm.xtools.analysis.commandline_feature.nls1
fragment@com.ibm.xtools.analysis.commandline.nl2=COPY,,com.ibm.xtools.analysis.commandline.nl2
************************************************************************************
feature@com.ibm.xtools.analysis.metrics.java_feature.nls1=COPY,,com.ibm.xtools.analysis.metrics.java_feature.nls1
fragment@com.ibm.xtools.analysis.metrics.java.nl1=COPY,,com.ibm.xtools.analysis.metrics.java.nl1
************************************************************************************
feature@com.ibm.xtools.analysis.metrics.java_feature.nls1=COPY,,com.ibm.xtools.analysis.metrics.java_feature.nls1
fragment@com.ibm.xtools.analysis.metrics.java.nl2=COPY,,com.ibm.xtools.analysis.metrics.java.nl2
************************************************************************************
feature@com.ibm.xtools.analysis.reporting_feature.nls1=COPY,,com.ibm.xtools.analysis.reporting_feature.nls1
fragment@com.ibm.rsar.analysis.core.reporting.nl1=COPY,,com.ibm.rsar.analysis.core.reporting.nl1
fragment@com.ibm.rsaz.analysis.birt.compatibility.nl1=COPY,,com.ibm.rsaz.analysis.birt.compatibility.nl1
fragment@com.ibm.xtools.analysis.reporting.nl1=COPY,,com.ibm.xtools.analysis.reporting.nl1
************************************************************************************
feature@com.ibm.xtools.analysis.reporting_feature.nls1=COPY,,com.ibm.xtools.analysis.reporting_feature.nls1
fragment@com.ibm.rsar.analysis.core.reporting.nl2=COPY,,com.ibm.rsar.analysis.core.reporting.nl2
fragment@com.ibm.rsaz.analysis.birt.compatibility.nl2=COPY,,com.ibm.rsaz.analysis.birt.compatibility.nl2
fragment@com.ibm.xtools.analysis.reporting.nl2=COPY,,com.ibm.xtools.analysis.reporting.nl2
